
Discarded input sections

 .text          0x0000000000000000        0x0 build/asm/header.s.o
 .bss           0x0000000000000000        0x0 build/asm/header.s.o
 .reginfo       0x0000000000000000       0x18 build/asm/header.s.o
 .MIPS.abiflags
                0x0000000000000000       0x18 build/asm/header.s.o
 .pdr           0x0000000000000000        0x0 build/asm/header.s.o
 .gnu.attributes
                0x0000000000000000       0x10 build/asm/header.s.o
 .data          0x0000000000000000        0x0 build/asm/boot_main.s.o
 .reginfo       0x0000000000000000       0x18 build/asm/boot_main.s.o
 .MIPS.abiflags
                0x0000000000000000       0x18 build/asm/boot_main.s.o
 .pdr           0x0000000000000000        0x0 build/asm/boot_main.s.o
 .gnu.attributes
                0x0000000000000000       0x10 build/asm/boot_main.s.o
 .data          0x0000000000000000        0x0 build/asm/idle.s.o
 .reginfo       0x0000000000000000       0x18 build/asm/idle.s.o
 .MIPS.abiflags
                0x0000000000000000       0x18 build/asm/idle.s.o
 .pdr           0x0000000000000000        0x0 build/asm/idle.s.o
 .gnu.attributes
                0x0000000000000000       0x10 build/asm/idle.s.o
 .data          0x0000000000000000        0x0 build/asm/viconfig.s.o
 .reginfo       0x0000000000000000       0x18 build/asm/viconfig.s.o
 .MIPS.abiflags
                0x0000000000000000       0x18 build/asm/viconfig.s.o
 .pdr           0x0000000000000000        0x0 build/asm/viconfig.s.o
 .gnu.attributes
                0x0000000000000000       0x10 build/asm/viconfig.s.o
 .data          0x0000000000000000        0x0 build/asm/boot_80026240.s.o
 .reginfo       0x0000000000000000       0x18 build/asm/boot_80026240.s.o
 .MIPS.abiflags
                0x0000000000000000       0x18 build/asm/boot_80026240.s.o
 .pdr           0x0000000000000000        0x0 build/asm/boot_80026240.s.o
 .gnu.attributes
                0x0000000000000000       0x10 build/asm/boot_80026240.s.o
 .data          0x0000000000000000        0x0 build/asm/z_std_dma.s.o
 .reginfo       0x0000000000000000       0x18 build/asm/z_std_dma.s.o
 .MIPS.abiflags
                0x0000000000000000       0x18 build/asm/z_std_dma.s.o
 .pdr           0x0000000000000000        0x0 build/asm/z_std_dma.s.o
 .gnu.attributes
                0x0000000000000000       0x10 build/asm/z_std_dma.s.o
 .data          0x0000000000000000        0x0 build/asm/yaz0.s.o
 .reginfo       0x0000000000000000       0x18 build/asm/yaz0.s.o
 .MIPS.abiflags
                0x0000000000000000       0x18 build/asm/yaz0.s.o
 .pdr           0x0000000000000000        0x0 build/asm/yaz0.s.o
 .gnu.attributes
                0x0000000000000000       0x10 build/asm/yaz0.s.o
 .data          0x0000000000000000        0x0 build/asm/syncprintf.s.o
 .reginfo       0x0000000000000000       0x18 build/asm/syncprintf.s.o
 .MIPS.abiflags
                0x0000000000000000       0x18 build/asm/syncprintf.s.o
 .pdr           0x0000000000000000        0x0 build/asm/syncprintf.s.o
 .gnu.attributes
                0x0000000000000000       0x10 build/asm/syncprintf.s.o
 .data          0x0000000000000000        0x0 build/asm/fault.s.o
 .reginfo       0x0000000000000000       0x18 build/asm/fault.s.o
 .MIPS.abiflags
                0x0000000000000000       0x18 build/asm/fault.s.o
 .pdr           0x0000000000000000        0x0 build/asm/fault.s.o
 .gnu.attributes
                0x0000000000000000       0x10 build/asm/fault.s.o
 .data          0x0000000000000000        0x0 build/asm/fault_drawer.s.o
 .reginfo       0x0000000000000000       0x18 build/asm/fault_drawer.s.o
 .MIPS.abiflags
                0x0000000000000000       0x18 build/asm/fault_drawer.s.o
 .pdr           0x0000000000000000        0x0 build/asm/fault_drawer.s.o
 .gnu.attributes
                0x0000000000000000       0x10 build/asm/fault_drawer.s.o
 .data          0x0000000000000000        0x0 build/asm/padutils.s.o
 .reginfo       0x0000000000000000       0x18 build/asm/padutils.s.o
 .MIPS.abiflags
                0x0000000000000000       0x18 build/asm/padutils.s.o
 .pdr           0x0000000000000000        0x0 build/asm/padutils.s.o
 .gnu.attributes
                0x0000000000000000       0x10 build/asm/padutils.s.o
 .data          0x0000000000000000        0x0 build/asm/stackcheck.s.o
 .reginfo       0x0000000000000000       0x18 build/asm/stackcheck.s.o
 .MIPS.abiflags
                0x0000000000000000       0x18 build/asm/stackcheck.s.o
 .pdr           0x0000000000000000        0x0 build/asm/stackcheck.s.o
 .gnu.attributes
                0x0000000000000000       0x10 build/asm/stackcheck.s.o
 .data          0x0000000000000000        0x0 build/asm/gfxprint.s.o
 .reginfo       0x0000000000000000       0x18 build/asm/gfxprint.s.o
 .MIPS.abiflags
                0x0000000000000000       0x18 build/asm/gfxprint.s.o
 .pdr           0x0000000000000000        0x0 build/asm/gfxprint.s.o
 .gnu.attributes
[...]
Memory Configuration

Name             Origin             Length             Attributes
*default*        0x0000000000000000 0xffffffffffffffff

Linker script and memory map

                0x0000000084001008                func_84001008 = 0x84001008
                0x0000000084001064                func_84001064 = 0x84001064
                0x000000000000ffff                D_FFFF = 0xffff
                0x0000000000019d40                D_19D40 = 0x19d40
                0x0000000000027130                D_27130 = 0x27130
                0x0000000000044690                D_44690 = 0x44690
                0x00000000000e4d10                D_E4D10 = 0xe4d10
                0x000000000013d9a0                D_13D9A0 = 0x13d9a0
                0x0000000000675720                D_675720 = 0x675720
                0x000000000073f4d0                D_73F4D0 = 0x73f4d0
                0x000000000081aa60                D_81AA60 = 0x81aa60
                0x000000000081d540                D_81D540 = 0x81d540
                0x000000000081d9d0                D_81D9D0 = 0x81d9d0
                0x0000000000821740                D_821740 = 0x821740
                0x0000000000827de0                D_827DE0 = 0x827de0
                0x0000000000828c00                D_828C00 = 0x828c00
                0x0000000000954d30                D_954D30 = 0x954d30
                0x00000000009563e0                D_9563E0 = 0x9563e0
                0x0000000000970920                D_970920 = 0x970920
                0x00000000009754a0                D_9754A0 = 0x9754a0
                0x0000000000a21000                D_A21000 = 0xa21000
                0x0000000000b36000                D_B36000 = 0xb36000
                0x0000000000b68000                D_B68000 = 0xb68000
                0x0000000000b88000                D_B88000 = 0xb88000
                0x0000000000b8a000                D_B8A000 = 0xb8a000
                0x0000000000b8b000                D_B8B000 = 0xb8b000
                0x0000000000b8f000                D_B8F000 = 0xb8f000
                0x0000000000bc8000                D_BC8000 = 0xbc8000
                0x0000000000bcd000                D_BCD000 = 0xbcd000
                0x0000000000bd4000                D_BD4000 = 0xbd4000
                0x0000000000cf9000                D_CF9000 = 0xcf9000
                0x0000000000d05000                D_D05000 = 0xd05000
                0x0000000000d06000                D_D06000 = 0xd06000
                0x0000000000d07000                D_D07000 = 0xd07000
                0x0000000000d10000                D_D10000 = 0xd10000
                0x0000000000d11000                D_D11000 = 0xd11000
                0x0000000000d12000                D_D12000 = 0xd12000
                0x0000000000d13000                D_D13000 = 0xd13000
                0x0000000000d15000                D_D15000 = 0xd15000
                0x0000000000d16000                D_D16000 = 0xd16000
                0x0000000000d18000                D_D18000 = 0xd18000
                0x0000000000d1a000                D_D1A000 = 0xd1a000
                0x0000000000d58000                D_D58000 = 0xd58000
                0x0000000000d59000                D_D59000 = 0xd59000
                0x0000000000d5a000                D_D5A000 = 0xd5a000
                0x0000000000e02000                D_E02000 = 0xe02000
                0x0000000000e026d0                D_E026D0 = 0xe026d0
                0x0000000000e03000                D_E03000 = 0xe03000
                0x0000000000e03520                D_E03520 = 0xe03520
                0x0000000000e04000                D_E04000 = 0xe04000
                0x0000000000e0d000                D_E0D000 = 0xe0d000
                0x0000000000e0d0e0                D_E0D0E0 = 0xe0d0e0
                0x0000000001000000                D_1000000 = 0x1000000
                0x0000000001000680                D_1000680 = 0x1000680
                0x00000000010f4000                D_10F4000 = 0x10f4000
                0x0000000001148000                D_1148000 = 0x1148000
                0x00000000011492a0                D_11492A0 = 0x11492a0
                0x000000000114a000                D_114A000 = 0x114a000
                0x0000000001187360                D_1187360 = 0x1187360
                0x0000000001188000                D_1188000 = 0x1188000
                0x00000000011aac80                D_11AAC80 = 0x11aac80
                0x00000000011ab000                D_11AB000 = 0x11ab000
                0x00000000011e1a20                D_11E1A20 = 0x11e1a20
                0x00000000011e2000                D_11E2000 = 0x11e2000
                0x00000000011e2690                D_11E2690 = 0x11e2690
                0x00000000011e8000                D_11E8000 = 0x11e8000
                0x00000000011e8770                D_11E8770 = 0x11e8770
                0x000000000188c000                D_188C000 = 0x188c000
                0x000000000188c180                D_188C180 = 0x188c180
                0x000000000188d000                D_188D000 = 0x188d000
                0x000000000188d180                D_188D180 = 0x188d180
                0x000000000188e000                D_188E000 = 0x188e000
                0x000000000188e180                D_188E180 = 0x188e180
                0x0000000004000220                D_4000220 = 0x4000220
                0x0000000004000300                D_4000300 = 0x4000300
                0x0000000004000470                D_4000470 = 0x4000470
                0x00000000040011c0                D_40011C0 = 0x40011c0
                0x0000000004001238                D_4001238 = 0x4001238
                0x00000000040012b0                D_40012B0 = 0x40012b0
                0x0000000004001328                D_4001328 = 0x4001328
                0x00000000040018e0                D_40018E0 = 0x40018e0
                0x0000000004001950                D_4001950 = 0x4001950
                0x00000000040019c0                D_40019C0 = 0x40019c0
                0x0000000004001a30                D_4001A30 = 0x4001a30
                0x0000000004001aa0                D_4001AA0 = 0x4001aa0
                0x0000000004001b18                D_4001B18 = 0x4001b18
                0x00000000040029ac                D_40029AC = 0x40029ac
                0x0000000004002b60                D_4002B60 = 0x4002b60
                0x0000000004002bd0                D_4002BD0 = 0x4002bd0
                0x0000000004002c40                D_4002C40 = 0x4002c40
                0x0000000004002cb0                D_4002CB0 = 0x4002cb0
                0x0000000004002d28                D_4002D28 = 0x4002d28
                0x0000000004002d98                D_4002D98 = 0x4002d98
                0x0000000004003614                D_4003614 = 0x4003614
                0x00000000040042e8                D_40042E8 = 0x40042e8
                0x0000000004004740                D_4004740 = 0x4004740
                0x0000000004004d60                D_4004D60 = 0x4004d60
                0x0000000004005360                D_4005360 = 0x4005360
                0x0000000004005540                D_4005540 = 0x4005540
                0x0000000004005710                D_4005710 = 0x4005710
                0x000000000400aa00                D_400AA00 = 0x400aa00
                0x000000000400aa40                D_400AA40 = 0x400aa40
                0x000000000400b360                D_400B360 = 0x400b360
                0x000000000400b3e0                D_400B3E0 = 0x400b3e0
                0x000000000400b458                D_400B458 = 0x400b458
                0x000000000400c1d0                D_400C1D0 = 0x400c1d0
                0x000000000400c250                D_400C250 = 0x400c250
                0x000000000400c2d8                D_400C2D8 = 0x400c2d8
                0x000000000400c358                D_400C358 = 0x400c358
                0x000000000400c3d8                D_400C3D8 = 0x400c3d8
                0x0000000006000000                D_6000000 = 0x6000000
                0x0000000006000120                D_6000120 = 0x6000120
                0x000000000600021c                D_600021C = 0x600021c
                0x0000000006000684                D_6000684 = 0x6000684
                0x0000000006001d98                D_6001D98 = 0x6001d98
                0x0000000006003098                D_6003098 = 0x6003098
                0x0000000006003538                D_6003538 = 0x6003538
                0x0000000006004830                D_6004830 = 0x6004830
                0x0000000080000000                D_80000000 = 0x80000000
                0x0000000080000001                D_80000001 = 0x80000001
                0x0000000080000004                D_80000004 = 0x80000004
                0x0000000080000008                D_80000008 = 0x80000008
                0x000000008000000c                D_8000000C = 0x8000000c
                0x0000000080000300                D_80000300 = 0x80000300
                0x0000000080000308                D_80000308 = 0x80000308
                0x000000008000030c                D_8000030C = 0x8000030c
                0x0000000080000318                D_80000318 = 0x80000318
                0x000000008000031c                D_8000031C = 0x8000031c
                0x0000000080000358                D_80000358 = 0x80000358
                0x0000000080000400                D_80000400 = 0x80000400
                0x0000000080002901                D_80002901 = 0x80002901
                0x000000008002eb60                D_8002EB60 = 0x8002eb60
                0x000000008002f470                D_8002F470 = 0x8002f470
                0x000000008003cdee                D_8003CDEE = 0x8003cdee
                0x000000008003e940                D_8003E940 = 0x8003e940
                0x000000008003ed40                D_8003ED40 = 0x8003ed40
                0x000000008003ed60                D_8003ED60 = 0x8003ed60
                0x000000008003ed80                D_8003ED80 = 0x8003ed80
                0x000000008003ef30                D_8003EF30 = 0x8003ef30
                0x000000008003f330                D_8003F330 = 0x8003f330
                0x000000008003f4e0                D_8003F4E0 = 0x8003f4e0
                0x000000008003fde0                D_8003FDE0 = 0x8003fde0
                0x000000008003fe00                D_8003FE00 = 0x8003fe00
                0x000000008003fec8                D_8003FEC8 = 0x8003fec8
                0x000000008003ff40                D_8003FF40 = 0x8003ff40
                0x000000008003ff5c                D_8003FF5C = 0x8003ff5c
                0x000000008003ff60                D_8003FF60 = 0x8003ff60
                0x000000008003ff78                D_8003FF78 = 0x8003ff78
                0x000000008003fff8                D_8003FFF8 = 0x8003fff8
                0x00000000800401a8                D_800401A8 = 0x800401a8
                0x00000000800406a8                D_800406A8 = 0x800406a8
                0x00000000800406ac                D_800406AC = 0x800406ac
                0x00000000800406c0                D_800406C0 = 0x800406c0
                0x0000000080040ac0                D_80040AC0 = 0x80040ac0
                0x0000000080040ac4                D_80040AC4 = 0x80040ac4
                0x0000000080040ac8                D_80040AC8 = 0x80040ac8
                0x0000000080040acc                D_80040ACC = 0x80040acc
                0x0000000080040ad0                D_80040AD0 = 0x80040ad0
                0x0000000080040ae0                D_80040AE0 = 0x80040ae0
                0x0000000080040ae4                D_80040AE4 = 0x80040ae4
                0x0000000080040ae8                D_80040AE8 = 0x80040ae8
                0x00000000800410e8                D_800410E8 = 0x800410e8
                0x0000000080041108                D_80041108 = 0x80041108
                0x00000000800418d5                D_800418D5 = 0x800418d5
                0x00000000800418d6                D_800418D6 = 0x800418d6
                0x00000000800418d8                D_800418D8 = 0x800418d8
                0x0000000080041960                D_80041960 = 0x80041960
                0x0000000080041964                D_80041964 = 0x80041964
                0x0000000080041970                D_80041970 = 0x80041970
                0x0000000080041972                D_80041972 = 0x80041972
                0x0000000080041980                D_80041980 = 0x80041980
                0x0000000080041982                D_80041982 = 0x80041982
                0x0000000080041995                D_80041995 = 0x80041995
                0x0000000080041998                D_80041998 = 0x80041998
                0x00000000800419a0                D_800419A0 = 0x800419a0
                0x00000000800419b0                D_800419B0 = 0x800419b0
                0x00000000800419c0                D_800419C0 = 0x800419c0
                0x00000000800419f0                D_800419F0 = 0x800419f0
                0x0000000080041a00                D_80041A00 = 0x80041a00
                0x0000000080041a10                D_80041A10 = 0x80041a10
                0x0000000080041a20                D_80041A20 = 0x80041a20
                0x0000000080041a28                D_80041A28 = 0x80041a28
                0x0000000080041a30                D_80041A30 = 0x80041a30
                0x0000000080041a38                D_80041A38 = 0x80041a38
                0x0000000080041a3c                D_80041A3C = 0x80041a3c
                0x0000000080041a40                D_80041A40 = 0x80041a40
                0x0000000080041a48                D_80041A48 = 0x80041a48
                0x0000000080041a50                D_80041A50 = 0x80041a50
                0x0000000080041a8c                D_80041A8C = 0x80041a8c
                0x0000000080041a91                D_80041A91 = 0x80041a91
                0x0000000080041ab8                D_80041AB8 = 0x80041ab8
                0x0000000080041ad0                D_80041AD0 = 0x80041ad0
                0x0000000080041ae0                D_80041AE0 = 0x80041ae0
                0x0000000080041ae8                D_80041AE8 = 0x80041ae8
                0x0000000080041b00                D_80041B00 = 0x80041b00
                0x0000000080041b10                D_80041B10 = 0x80041b10
                0x0000000080041cc0                D_80041CC0 = 0x80041cc0
                0x0000000080041cd0                D_80041CD0 = 0x80041cd0
                0x0000000080041ce8                D_80041CE8 = 0x80041ce8
                0x0000000080041d00                D_80041D00 = 0x80041d00
                0x0000000080041d14                D_80041D14 = 0x80041d14
                0x0000000080041d74                D_80041D74 = 0x80041d74
                0x0000000080041d78                D_80041D78 = 0x80041d78
                0x0000000080041d80                D_80041D80 = 0x80041d80
                0x0000000080041e84                D_80041E84 = 0x80041e84
                0x0000000080041e85                D_80041E85 = 0x80041e85
                0x0000000080041e86                D_80041E86 = 0x80041e86
                0x0000000080041e87                D_80041E87 = 0x80041e87
                0x0000000080041e88                D_80041E88 = 0x80041e88
                0x0000000080041efc                D_80041EFC = 0x80041efc
                0x0000000080041efd                D_80041EFD = 0x80041efd
                0x0000000080041efe                D_80041EFE = 0x80041efe
                0x0000000080041eff                D_80041EFF = 0x80041eff
                0x0000000080041f00                D_80041F00 = 0x80041f00
                0x0000000080041f70                D_80041F70 = 0x80041f70
                0x0000000080043120                D_80043120 = 0x80043120
                0x0000000080043138                D_80043138 = 0x80043138
                0x0000000080043140                D_80043140 = 0x80043140
                0x0000000080043148                D_80043148 = 0x80043148
                0x0000000080043160                D_80043160 = 0x80043160
                0x0000000080043260                D_80043260 = 0x80043260
                0x0000000080043300                D_80043300 = 0x80043300
                0x0000000080043304                D_80043304 = 0x80043304
                0x0000000080043308                D_80043308 = 0x80043308
                0x000000008004330c                D_8004330C = 0x8004330c
                0x0000000080043310                D_80043310 = 0x80043310
                0x0000000080043320                D_80043320 = 0x80043320
                0x0000000080043340                D_80043340 = 0x80043340
                0x0000000080043358                D_80043358 = 0x80043358
                0x0000000080043360                D_80043360 = 0x80043360
                0x00000000800433a0                D_800433A0 = 0x800433a0
                0x00000000800433b4                D_800433B4 = 0x800433b4
                0x0000000080043420                D_80043420 = 0x80043420
                0x00000000800445d0                D_800445D0 = 0x800445d0
                0x00000000800445e8                D_800445E8 = 0x800445e8
                0x0000000080044600                D_80044600 = 0x80044600
                0x0000000080044618                D_80044618 = 0x80044618
                0x0000000080044630                D_80044630 = 0x80044630
                0x0000000080044641                D_80044641 = 0x80044641
                0x0000000080044644                D_80044644 = 0x80044644
                0x000000008004467c                D_8004467C = 0x8004467c
                0x0000000080044680                D_80044680 = 0x80044680
                0x0000000080044690                D_80044690 = 0x80044690
                0x0000000080051a80                D_80051A80 = 0x80051a80
                0x0000000080100c30                D_80100C30 = 0x80100c30
                0x0000000080100c50                D_80100C50 = 0x80100c50
                0x0000000080100c5c                D_80100C5C = 0x80100c5c
                0x0000000080100c60                D_80100C60 = 0x80100c60
                0x0000000080100c64                D_80100C64 = 0x80100c64
                0x0000000080100c68                D_80100C68 = 0x80100c68
                0x0000000080100c70                D_80100C70 = 0x80100c70
                0x0000000080100c90                D_80100C90 = 0x80100c90
                0x0000000080100ca4                D_80100CA4 = 0x80100ca4
                0x000000008010119c                D_8010119C = 0x8010119c
                0x00000000801024f4                D_801024F4 = 0x801024f4
                0x00000000801025b0                D_801025B0 = 0x801025b0
                0x00000000801025c0                D_801025C0 = 0x801025c0
                0x00000000801025c8                D_801025C8 = 0x801025c8
                0x00000000801025f8                D_801025F8 = 0x801025f8
                0x0000000080102600                D_80102600 = 0x80102600
                0x0000000080102608                D_80102608 = 0x80102608
                0x0000000080102610                D_80102610 = 0x80102610
                0x0000000080102620                D_80102620 = 0x80102620
                0x0000000080102628                D_80102628 = 0x80102628
                0x0000000080102630                D_80102630 = 0x80102630
                0x0000000080102634                D_80102634 = 0x80102634
                0x0000000080102658                D_80102658 = 0x80102658
                0x00000000801026d8                D_801026D8 = 0x801026d8
                0x00000000801026e0                D_801026E0 = 0x801026e0
                0x0000000080102700                D_80102700 = 0x80102700
                0x0000000080102754                D_80102754 = 0x80102754
                0x0000000080102770                D_80102770 = 0x80102770
                0x000000008010277c                D_8010277C = 0x8010277c
                0x0000000080102784                D_80102784 = 0x80102784
                0x0000000080102788                D_80102788 = 0x80102788
                0x00000000801027b8                D_801027B8 = 0x801027b8
                0x00000000801027be                D_801027BE = 0x801027be
                0x00000000801027c4                D_801027C4 = 0x801027c4
                0x0000000080102800                D_80102800 = 0x80102800
                0x0000000080102808                D_80102808 = 0x80102808
                0x0000000080102810                D_80102810 = 0x80102810
                0x0000000080102834                D_80102834 = 0x80102834
                0x0000000080102838                D_80102838 = 0x80102838
                0x000000008010283c                D_8010283C = 0x8010283c
                0x0000000080102840                D_80102840 = 0x80102840
                0x00000000801028c0                D_801028C0 = 0x801028c0
                0x00000000801028c8                D_801028C8 = 0x801028c8
                0x00000000801028cc                D_801028CC = 0x801028cc
                0x00000000801028d0                D_801028D0 = 0x801028d0
                0x00000000801028d4                D_801028D4 = 0x801028d4
                0x00000000801028e0                D_801028E0 = 0x801028e0
                0x0000000080102a18                D_80102A18 = 0x80102a18
                0x0000000080102a48                D_80102A48 = 0x80102a48
                0x0000000080102a80                D_80102A80 = 0x80102a80
                0x0000000080102c04                D_80102C04 = 0x80102c04
                0x0000000080102c14                D_80102C14 = 0x80102c14
                0x0000000080103c68                D_80103C68 = 0x80103c68
                0x0000000080103ce0                D_80103CE0 = 0x80103ce0
                0x0000000080103d50                D_80103D50 = 0x80103d50
                0x0000000080103d55                D_80103D55 = 0x80103d55
                0x0000000080103d59                D_80103D59 = 0x80103d59
                0x0000000080103d60                D_80103D60 = 0x80103d60
                0x0000000080103d84                D_80103D84 = 0x80103d84
                0x0000000080103e04                D_80103E04 = 0x80103e04
                0x0000000080103e94                D_80103E94 = 0x80103e94
                0x0000000080103e98                D_80103E98 = 0x80103e98
                0x0000000080103e9c                D_80103E9C = 0x80103e9c
                0x0000000080103ea4                D_80103EA4 = 0x80103ea4
                0x0000000080103eb0                D_80103EB0 = 0x80103eb0
                0x0000000080103f10                D_80103F10 = 0x80103f10
                0x0000000080103f1c                D_80103F1C = 0x80103f1c
                0x0000000080103f28                D_80103F28 = 0x80103f28
                0x0000000080103f34                D_80103F34 = 0x80103f34
                0x0000000080103f40                D_80103F40 = 0x80103f40
                0x0000000080103f4c                D_80103F4C = 0x80103f4c
                0x0000000080103f68                D_80103F68 = 0x80103f68
                0x0000000080103f9c                D_80103F9C = 0x80103f9c
                0x0000000080103fa4                D_80103FA4 = 0x80103fa4
                0x0000000080103fac                D_80103FAC = 0x80103fac
                0x0000000080103fb4                D_80103FB4 = 0x80103fb4
                0x0000000080103fbc                D_80103FBC = 0x80103fbc
                0x0000000080103fc4                D_80103FC4 = 0x80103fc4
                0x0000000080103fcc                D_80103FCC = 0x80103fcc
                0x0000000080103fd4                D_80103FD4 = 0x80103fd4
                0x0000000080103fdc                D_80103FDC = 0x80103fdc
                0x000000008010415c                D_8010415C = 0x8010415c
                0x0000000080104194                D_80104194 = 0x80104194
                0x00000000801041a4                D_801041A4 = 0x801041a4
                0x00000000801041ac                D_801041AC = 0x801041ac
                0x00000000801041b0                D_801041B0 = 0x801041b0
                0x00000000801041b8                D_801041B8 = 0x801041b8
                0x00000000801041c4                D_801041C4 = 0x801041c4
                0x00000000801041cc                D_801041CC = 0x801041cc
                0x00000000801041d8                D_801041D8 = 0x801041d8
                0x00000000801041e4                D_801041E4 = 0x801041e4
                0x00000000801041f0                D_801041F0 = 0x801041f0
                0x00000000801041fc                D_801041FC = 0x801041fc
                0x0000000080104208                D_80104208 = 0x80104208
                0x0000000080104214                D_80104214 = 0x80104214
                0x0000000080104220                D_80104220 = 0x80104220
                0x0000000080104224                D_80104224 = 0x80104224
                0x0000000080104228                D_80104228 = 0x80104228
                0x0000000080104230                D_80104230 = 0x80104230
                0x000000008010423c                D_8010423C = 0x8010423c
                0x0000000080104248                D_80104248 = 0x80104248
                0x0000000080104260                D_80104260 = 0x80104260
                0x0000000080104278                D_80104278 = 0x80104278
                0x0000000080104290                D_80104290 = 0x80104290
                0x00000000801042d0                D_801042D0 = 0x801042d0
                0x0000000080104310                D_80104310 = 0x80104310
                0x0000000080104318                D_80104318 = 0x80104318
                0x0000000080104320                D_80104320 = 0x80104320
                0x000000008010432c                D_8010432C = 0x8010432c
                0x000000008010436c                D_8010436C = 0x8010436c
                0x0000000080104370                D_80104370 = 0x80104370
                0x00000000801043d0                D_801043D0 = 0x801043d0
                0x00000000801043dc                D_801043DC = 0x801043dc
                0x00000000801043e8                D_801043E8 = 0x801043e8
                0x00000000801043f4                D_801043F4 = 0x801043f4
                0x0000000080104400                D_80104400 = 0x80104400
                0x0000000080104430                D_80104430 = 0x80104430
                0x000000008010443c                D_8010443C = 0x8010443c
                0x0000000080104448                D_80104448 = 0x80104448
                0x0000000080104454                D_80104454 = 0x80104454
                0x0000000080104460                D_80104460 = 0x80104460
                0x000000008010446c                D_8010446C = 0x8010446c
                0x0000000080104478                D_80104478 = 0x80104478
                0x0000000080104484                D_80104484 = 0x80104484
                0x0000000080104490                D_80104490 = 0x80104490
                0x000000008010449c                D_8010449C = 0x8010449c
                0x00000000801044a8                D_801044A8 = 0x801044a8
                0x00000000801044b4                D_801044B4 = 0x801044b4
                0x00000000801044c0                D_801044C0 = 0x801044c0
                0x00000000801044cc                D_801044CC = 0x801044cc
                0x00000000801044d8                D_801044D8 = 0x801044d8
                0x00000000801044e4                D_801044E4 = 0x801044e4
                0x00000000801044f0                D_801044F0 = 0x801044f0
                0x00000000801044fc                D_801044FC = 0x801044fc
                0x0000000080104508                D_80104508 = 0x80104508
                0x0000000080104509                D_80104509 = 0x80104509
                0x000000008010450a                D_8010450A = 0x8010450a
                0x000000008010450b                D_8010450B = 0x8010450b
                0x000000008010450c                D_8010450C = 0x8010450c
                0x000000008010450d                D_8010450D = 0x8010450d
                0x000000008010450e                D_8010450E = 0x8010450e
                0x000000008010450f                D_8010450F = 0x8010450f
                0x0000000080104510                D_80104510 = 0x80104510
                0x0000000080104518                D_80104518 = 0x80104518
                0x000000008010451c                D_8010451C = 0x8010451c
                0x0000000080104528                D_80104528 = 0x80104528
                0x0000000080104534                D_80104534 = 0x80104534
                0x0000000080104540                D_80104540 = 0x80104540
                0x0000000080104548                D_80104548 = 0x80104548
                0x0000000080104550                D_80104550 = 0x80104550
                0x000000008010455c                D_8010455C = 0x8010455c
                0x0000000080104568                D_80104568 = 0x80104568
                0x00000000801045b0                D_801045B0 = 0x801045b0
                0x00000000801045bc                D_801045BC = 0x801045bc
                0x00000000801045c8                D_801045C8 = 0x801045c8
                0x00000000801045d4                D_801045D4 = 0x801045d4
                0x00000000801045e0                D_801045E0 = 0x801045e0
                0x00000000801045ec                D_801045EC = 0x801045ec
                0x00000000801045f8                D_801045F8 = 0x801045f8
                0x00000000801045fc                D_801045FC = 0x801045fc
                0x0000000080104674                D_80104674 = 0x80104674
                0x000000008010467c                D_8010467C = 0x8010467c
                0x0000000080104688                D_80104688 = 0x80104688
                0x0000000080104690                D_80104690 = 0x80104690
                0x00000000801046a0                D_801046A0 = 0x801046a0
                0x00000000801046ac                D_801046AC = 0x801046ac
                0x00000000801046c4                D_801046C4 = 0x801046c4
                0x00000000801046d0                D_801046D0 = 0x801046d0
                0x0000000080104710                D_80104710 = 0x80104710
                0x000000008010471c                D_8010471C = 0x8010471c
                0x0000000080104740                D_80104740 = 0x80104740
                0x0000000080104764                D_80104764 = 0x80104764
                0x0000000080104770                D_80104770 = 0x80104770
                0x0000000080104790                D_80104790 = 0x80104790
                0x0000000080104794                D_80104794 = 0x80104794
                0x0000000080104798                D_80104798 = 0x80104798
                0x000000008010479c                D_8010479C = 0x8010479c
                0x00000000801047a4                D_801047A4 = 0x801047a4
                0x00000000801047a8                D_801047A8 = 0x801047a8
                0x00000000801047b0                D_801047B0 = 0x801047b0
                0x00000000801047b8                D_801047B8 = 0x801047b8
                0x00000000801047c0                D_801047C0 = 0x801047c0
                0x00000000801047c8                D_801047C8 = 0x801047c8
                0x00000000801047f8                D_801047F8 = 0x801047f8
                0x0000000080104800                D_80104800 = 0x80104800
                0x0000000080104810                D_80104810 = 0x80104810
                0x0000000080104814                D_80104814 = 0x80104814
                0x000000008010485c                D_8010485C = 0x8010485c
                0x000000008010487c                D_8010487C = 0x8010487c
                0x0000000080104880                D_80104880 = 0x80104880
                0x00000000801048a0                D_801048A0 = 0x801048a0
                0x0000000080104938                D_80104938 = 0x80104938
                0x0000000080104960                D_80104960 = 0x80104960
                0x00000000801049f8                D_801049F8 = 0x801049f8
                0x00000000801049fc                D_801049FC = 0x801049fc
                0x0000000080104a00                D_80104A00 = 0x80104a00
                0x0000000080104a04                D_80104A04 = 0x80104a04
                0x0000000080104a08                D_80104A08 = 0x80104a08
                0x0000000080104a0c                D_80104A0C = 0x80104a0c
                0x0000000080104a10                D_80104A10 = 0x80104a10
                0x0000000080104a14                D_80104A14 = 0x80104a14
                0x0000000080104a18                D_80104A18 = 0x80104a18
                0x0000000080104a20                D_80104A20 = 0x80104a20
                0x0000000080104a60                D_80104A60 = 0x80104a60
                0x0000000080104a70                D_80104A70 = 0x80104a70
                0x0000000080104a74                D_80104A74 = 0x80104a74
                0x0000000080104a90                D_80104A90 = 0x80104a90
                0x0000000080104aac                D_80104AAC = 0x80104aac
                0x0000000080104ae4                D_80104AE4 = 0x80104ae4
                0x0000000080104ae8                D_80104AE8 = 0x80104ae8
                0x0000000080104b20                D_80104B20 = 0x80104b20
                0x0000000080104b60                D_80104B60 = 0x80104b60
                0x0000000080104f2c                D_80104F2C = 0x80104f2c
                0x0000000080104f90                D_80104F90 = 0x80104f90
                0x0000000080104f94                D_80104F94 = 0x80104f94
                0x0000000080104f98                D_80104F98 = 0x80104f98
                0x0000000080104f9c                D_80104F9C = 0x80104f9c
                0x0000000080104fa0                D_80104FA0 = 0x80104fa0
                0x0000000080104fac                D_80104FAC = 0x80104fac
                0x0000000080104fb0                D_80104FB0 = 0x80104fb0
                0x0000000080104fb4                D_80104FB4 = 0x80104fb4
                0x0000000080104fb8                D_80104FB8 = 0x80104fb8
                0x0000000080104fbc                D_80104FBC = 0x80104fbc
                0x0000000080104fc8                D_80104FC8 = 0x80104fc8
                0x0000000080104fd4                D_80104FD4 = 0x80104fd4
                0x0000000080104fe0                D_80104FE0 = 0x80104fe0
                0x0000000080105008                D_80105008 = 0x80105008
                0x000000008010500c                D_8010500C = 0x8010500c
                0x0000000080105010                D_80105010 = 0x80105010
                0x0000000080105030                D_80105030 = 0x80105030
                0x00000000801055e8                D_801055E8 = 0x801055e8
                0x0000000080105624                D_80105624 = 0x80105624
                0x0000000080105628                D_80105628 = 0x80105628
                0x0000000080105670                D_80105670 = 0x80105670
                0x0000000080106030                D_80106030 = 0x80106030
                0x0000000080106130                D_80106130 = 0x80106130
                0x0000000080106158                D_80106158 = 0x80106158
                0x0000000080106170                D_80106170 = 0x80106170
                0x00000000801061a0                D_801061A0 = 0x801061a0
                0x00000000801061a4                D_801061A4 = 0x801061a4
                0x00000000801061a7                D_801061A7 = 0x801061a7
                0x00000000801061ac                D_801061AC = 0x801061ac
                0x00000000801061b4                D_801061B4 = 0x801061b4
                0x00000000801061b8                D_801061B8 = 0x801061b8
                0x00000000801061c0                D_801061C0 = 0x801061c0
                0x00000000801061d4                D_801061D4 = 0x801061d4
                0x00000000801061e4                D_801061E4 = 0x801061e4
                0x0000000080106200                D_80106200 = 0x80106200
                0x0000000080106204                D_80106204 = 0x80106204
                0x0000000080106208                D_80106208 = 0x80106208
                0x0000000080106408                D_80106408 = 0x80106408
                0x0000000080106478                D_80106478 = 0x80106478
                0x0000000080106488                D_80106488 = 0x80106488
                0x00000000801064d0                D_801064D0 = 0x801064d0
                0x0000000080106518                D_80106518 = 0x80106518
                0x0000000080106560                D_80106560 = 0x80106560
                0x0000000080106638                D_80106638 = 0x80106638
                0x0000000080106738                D_80106738 = 0x80106738
                0x000000008010674c                D_8010674C = 0x8010674c
                0x0000000080106794                D_80106794 = 0x80106794
                0x00000000801067a4                D_801067A4 = 0x801067a4
                0x0000000080106814                D_80106814 = 0x80106814
                0x0000000080106818                D_80106818 = 0x80106818
                0x0000000080106820                D_80106820 = 0x80106820
                0x0000000080106824                D_80106824 = 0x80106824
                0x0000000080106828                D_80106828 = 0x80106828
                0x000000008010682c                D_8010682C = 0x8010682c
                0x0000000080106830                D_80106830 = 0x80106830
                0x000000008010685c                D_8010685C = 0x8010685c
                0x0000000080106890                D_80106890 = 0x80106890
                0x000000008010689c                D_8010689C = 0x8010689c
                0x00000000801068a8                D_801068A8 = 0x801068a8
                0x00000000801068ac                D_801068AC = 0x801068ac
                0x00000000801068c0                D_801068C0 = 0x801068c0
                0x00000000801068cc                D_801068CC = 0x801068cc
                0x00000000801068d8                D_801068D8 = 0x801068d8
                0x0000000080106920                D_80106920 = 0x80106920
                0x0000000080106968                D_80106968 = 0x80106968
                0x000000008010696c                D_8010696C = 0x8010696c
                0x0000000080106978                D_80106978 = 0x80106978
                0x0000000080106984                D_80106984 = 0x80106984
                0x00000000801069e0                D_801069E0 = 0x801069e0
                0x0000000080106a08                D_80106A08 = 0x80106a08
                0x0000000080106a0c                D_80106A0C = 0x80106a0c
                0x0000000080106a10                D_80106A10 = 0x80106a10
                0x0000000080106a14                D_80106A14 = 0x80106a14
                0x0000000080106a3c                D_80106A3C = 0x80106a3c
                0x0000000080106a50                D_80106A50 = 0x80106a50
                0x0000000080106a58                D_80106A58 = 0x80106a58
                0x0000000080106a60                D_80106A60 = 0x80106a60
                0x0000000080106a64                D_80106A64 = 0x80106a64
                0x0000000080106a68                D_80106A68 = 0x80106a68
                0x0000000080106a78                D_80106A78 = 0x80106a78
                0x0000000080106a7c                D_80106A7C = 0x80106a7c
                0x0000000080106a90                D_80106A90 = 0x80106a90
                0x0000000080106a94                D_80106A94 = 0x80106a94
                0x0000000080106a98                D_80106A98 = 0x80106a98
                0x0000000080106a9c                D_80106A9C = 0x80106a9c
                0x0000000080106aa0                D_80106AA0 = 0x80106aa0
                0x0000000080106aa4                D_80106AA4 = 0x80106aa4
                0x0000000080106aa8                D_80106AA8 = 0x80106aa8
                0x0000000080106aac                D_80106AAC = 0x80106aac
                0x0000000080106ab0                D_80106AB0 = 0x80106ab0
                0x0000000080106ab4                D_80106AB4 = 0x80106ab4
                0x0000000080106abc                D_80106ABC = 0x80106abc
                0x0000000080106acc                D_80106ACC = 0x80106acc
                0x0000000080106af0                D_80106AF0 = 0x80106af0
                0x0000000080106af4                D_80106AF4 = 0x80106af4
                0x0000000080106bf4                D_80106BF4 = 0x80106bf4
                0x0000000080106bf5                D_80106BF5 = 0x80106bf5
                0x0000000080106cb8                D_80106CB8 = 0x80106cb8
                0x0000000080106d20                D_80106D20 = 0x80106d20
                0x0000000080106d24                D_80106D24 = 0x80106d24
                0x0000000080106d30                D_80106D30 = 0x80106d30
                0x0000000080106d38                D_80106D38 = 0x80106d38
                0x0000000080106d4c                D_80106D4C = 0x80106d4c
                0x0000000080106d50                D_80106D50 = 0x80106d50
                0x0000000080106d64                D_80106D64 = 0x80106d64
                0x0000000080106d78                D_80106D78 = 0x80106d78
                0x0000000080106d8c                D_80106D8C = 0x80106d8c
                0x0000000080106da0                D_80106DA0 = 0x80106da0
                0x0000000080106e10                D_80106E10 = 0x80106e10
                0x0000000080106e20                D_80106E20 = 0x80106e20
                0x0000000080106e50                D_80106E50 = 0x80106e50
                0x0000000080106e80                D_80106E80 = 0x80106e80
                0x0000000080106eb0                D_80106EB0 = 0x80106eb0
                0x0000000080106ee0                D_80106EE0 = 0x80106ee0
                0x0000000080106f10                D_80106F10 = 0x80106f10
                0x0000000080106f40                D_80106F40 = 0x80106f40
                0x0000000080106f70                D_80106F70 = 0x80106f70
                0x0000000080106fa0                D_80106FA0 = 0x80106fa0
                0x0000000080106fd0                D_80106FD0 = 0x80106fd0
                0x0000000080107000                D_80107000 = 0x80107000
                0x0000000080107010                D_80107010 = 0x80107010
                0x0000000080107020                D_80107020 = 0x80107020
                0x00000000801071a4                D_801071A4 = 0x801071a4
                0x00000000801071b8                D_801071B8 = 0x801071b8
                0x00000000801071cc                D_801071CC = 0x801071cc
                0x00000000801075e0                D_801075E0 = 0x801075e0
                0x0000000080107620                D_80107620 = 0x80107620
                0x0000000080107630                D_80107630 = 0x80107630
                0x0000000080107634                D_80107634 = 0x80107634
                0x0000000080107638                D_80107638 = 0x80107638
                0x000000008010763c                D_8010763C = 0x8010763c
                0x0000000080107640                D_80107640 = 0x80107640
                0x0000000080107644                D_80107644 = 0x80107644
                0x000000008010764c                D_8010764C = 0x8010764c
                0x0000000080107674                D_80107674 = 0x80107674
                0x0000000080107678                D_80107678 = 0x80107678
                0x000000008010767c                D_8010767C = 0x8010767c
                0x00000000801076a0                D_801076A0 = 0x801076a0
                0x00000000801076a4                D_801076A4 = 0x801076a4
                0x00000000801076b0                D_801076B0 = 0x801076b0
                0x00000000801076bc                D_801076BC = 0x801076bc
                0x0000000080107730                D_80107730 = 0x80107730
                0x0000000080107744                D_80107744 = 0x80107744
                0x0000000080107760                D_80107760 = 0x80107760
                0x0000000080107764                D_80107764 = 0x80107764
                0x0000000080107768                D_80107768 = 0x80107768
                0x00000000801079ec                D_801079EC = 0x801079ec
                0x0000000080107a14                D_80107A14 = 0x80107a14
                0x0000000080107a3c                D_80107A3C = 0x80107a3c
                0x0000000080107a64                D_80107A64 = 0x80107a64
                0x0000000080107a8c                D_80107A8C = 0x80107a8c
                0x0000000080107a9c                D_80107A9C = 0x80107a9c
                0x0000000080107aa8                D_80107AA8 = 0x80107aa8
                0x0000000080107ad0                D_80107AD0 = 0x80107ad0
                0x0000000080107adc                D_80107ADC = 0x80107adc
                0x0000000080107ae8                D_80107AE8 = 0x80107ae8
                0x0000000080107af0                D_80107AF0 = 0x80107af0
                0x0000000080107b00                D_80107B00 = 0x80107b00
                0x0000000080107b30                D_80107B30 = 0x80107b30
                0x0000000080107b3c                D_80107B3C = 0x80107b3c
                0x0000000080107b50                D_80107B50 = 0x80107b50
                0x0000000080107b60                D_80107B60 = 0x80107b60
                0x0000000080107b70                D_80107B70 = 0x80107b70
                0x0000000080107b75                D_80107B75 = 0x80107b75
                0x0000000080107b78                D_80107B78 = 0x80107b78
                0x0000000080107b88                D_80107B88 = 0x80107b88
                0x0000000080107b90                D_80107B90 = 0x80107b90
                0x0000000080107c90                D_80107C90 = 0x80107c90
                0x0000000080107c94                D_80107C94 = 0x80107c94
                0x0000000080107c9c                D_80107C9C = 0x80107c9c
                0x0000000080107ca4                D_80107CA4 = 0x80107ca4
                0x0000000080107cb4                D_80107CB4 = 0x80107cb4
                0x0000000080107cb8                D_80107CB8 = 0x80107cb8
                0x000000008010a7c0                D_8010A7C0 = 0x8010a7c0
                0x000000008010ad28                D_8010AD28 = 0x8010ad28
                0x000000008010ad98                D_8010AD98 = 0x8010ad98
                0x000000008010ae00                D_8010AE00 = 0x8010ae00
                0x000000008010ae20                D_8010AE20 = 0x8010ae20
                0x000000008010ae40                D_8010AE40 = 0x8010ae40
                0x000000008010ae48                D_8010AE48 = 0x8010ae48
                0x000000008010ae50                D_8010AE50 = 0x8010ae50
                0x000000008010aec0                D_8010AEC0 = 0x8010aec0
                0x000000008010aec8                D_8010AEC8 = 0x8010aec8
                0x000000008010aecc                D_8010AECC = 0x8010aecc
                0x000000008010aee0                D_8010AEE0 = 0x8010aee0
                0x000000008010aef4                D_8010AEF4 = 0x8010aef4
                0x000000008010af58                D_8010AF58 = 0x8010af58
                0x000000008010b334                D_8010B334 = 0x8010b334
                0x000000008010b374                D_8010B374 = 0x8010b374
                0x000000008010b478                D_8010B478 = 0x8010b478
                0x000000008010b484                D_8010B484 = 0x8010b484
                0x000000008010b490                D_8010B490 = 0x8010b490
                0x000000008010b4a0                D_8010B4A0 = 0x8010b4a0
                0x000000008010b4b0                D_8010B4B0 = 0x8010b4b0
                0x000000008010b4fc                D_8010B4FC = 0x8010b4fc
                0x000000008010b500                D_8010B500 = 0x8010b500
                0x000000008010b504                D_8010B504 = 0x8010b504
                0x000000008010b510                D_8010B510 = 0x8010b510
                0x000000008010b810                D_8010B810 = 0x8010b810
                0x000000008010b818                D_8010B818 = 0x8010b818
                0x000000008010b81c                D_8010B81C = 0x8010b81c
                0x000000008010b824                D_8010B824 = 0x8010b824
                0x000000008010b880                D_8010B880 = 0x8010b880
                0x000000008010b888                D_8010B888 = 0x8010b888
                0x000000008010b890                D_8010B890 = 0x8010b890
                0x000000008010b898                D_8010B898 = 0x8010b898
                0x000000008010b8a4                D_8010B8A4 = 0x8010b8a4
                0x000000008010b8b0                D_8010B8B0 = 0x8010b8b0
                0x000000008010b8b8                D_8010B8B8 = 0x8010b8b8
                0x000000008010b8c0                D_8010B8C0 = 0x8010b8c0
                0x000000008010b908                D_8010B908 = 0x8010b908
                0x000000008010b91a                D_8010B91A = 0x8010b91a
                0x000000008010b91c                D_8010B91C = 0x8010b91c
                0x000000008010b934                D_8010B934 = 0x8010b934
                0x000000008010b950                D_8010B950 = 0x8010b950
                0x000000008010b952                D_8010B952 = 0x8010b952
                0x000000008010b953                D_8010B953 = 0x8010b953
                0x000000008010b968                D_8010B968 = 0x8010b968
                0x000000008010bb10                D_8010BB10 = 0x8010bb10
                0x000000008010bcc4                D_8010BCC4 = 0x8010bcc4
                0x000000008010bd10                D_8010BD10 = 0x8010bd10
                0x000000008010bd18                D_8010BD18 = 0x8010bd18
                0x000000008010bd20                D_8010BD20 = 0x8010bd20
                0x000000008010bf2c                D_8010BF2C = 0x8010bf2c
                0x000000008010bf30                D_8010BF30 = 0x8010bf30
                0x000000008010bf74                D_8010BF74 = 0x8010bf74
                0x000000008010bf88                D_8010BF88 = 0x8010bf88
                0x000000008010bfd0                D_8010BFD0 = 0x8010bfd0
                0x000000008010c050                D_8010C050 = 0x8010c050
                0x000000008010c0d0                D_8010C0D0 = 0x8010c0d0
                0x000000008010c0d4                D_8010C0D4 = 0x8010c0d4
                0x000000008010c0dc                D_8010C0DC = 0x8010c0dc
                0x000000008010c0e4                D_8010C0E4 = 0x8010c0e4
                0x000000008010c0e8                D_8010C0E8 = 0x8010c0e8
                0x000000008010c2f0                D_8010C2F0 = 0x8010c2f0
                0x000000008010c4f8                D_8010C4F8 = 0x8010c4f8
                0x000000008010c538                D_8010C538 = 0x8010c538
                0x000000008010c5b0                D_8010C5B0 = 0x8010c5b0
                0x000000008010c5c4                D_8010C5C4 = 0x8010c5c4
                0x000000008010c5d8                D_8010C5D8 = 0x8010c5d8
                0x000000008010c5e4                D_8010C5E4 = 0x8010c5e4
                0x000000008010c5f4                D_8010C5F4 = 0x8010c5f4
                0x000000008010c610                D_8010C610 = 0x8010c610
                0x000000008010c618                D_8010C618 = 0x8010c618
                0x000000008010c640                D_8010C640 = 0x8010c640
                0x000000008010c648                D_8010C648 = 0x8010c648
                0x000000008010c650                D_8010C650 = 0x8010c650
                0x000000008010c65c                D_8010C65C = 0x8010c65c
                0x000000008010c66c                D_8010C66C = 0x8010c66c
                0x000000008010c670                D_8010C670 = 0x8010c670
                0x000000008010c69c                D_8010C69C = 0x8010c69c
                0x000000008010c6a4                D_8010C6A4 = 0x8010c6a4
                0x000000008010c6b0                D_8010C6B0 = 0x8010c6b0
                0x000000008010c6b8                D_8010C6B8 = 0x8010c6b8
                0x000000008010c6c0                D_8010C6C0 = 0x8010c6c0
                0x000000008010c6c4                D_8010C6C4 = 0x8010c6c4
                0x000000008010c6c8                D_8010C6C8 = 0x8010c6c8
                0x000000008010c6cc                D_8010C6CC = 0x8010c6cc
                0x000000008010c6f8                D_8010C6F8 = 0x8010c6f8
                0x000000008010c848                D_8010C848 = 0x8010c848
                0x000000008010c970                D_8010C970 = 0x8010c970
                0x000000008010c9d0                D_8010C9D0 = 0x8010c9d0
                0x000000008010cb20                D_8010CB20 = 0x8010cb20
                0x000000008010cb30                D_8010CB30 = 0x8010cb30
                0x000000008010cb90                D_8010CB90 = 0x8010cb90
                0x000000008010cbc0                D_8010CBC0 = 0x8010cbc0
                0x000000008010cbf0                D_8010CBF0 = 0x8010cbf0
                0x000000008010cc20                D_8010CC20 = 0x8010cc20
                0x000000008010cc50                D_8010CC50 = 0x8010cc50
                0x000000008010cc80                D_8010CC80 = 0x8010cc80
                0x000000008010ccb0                D_8010CCB0 = 0x8010ccb0
                0x000000008010cd10                D_8010CD10 = 0x8010cd10
                0x000000008010cd70                D_8010CD70 = 0x8010cd70
                0x000000008010cda0                D_8010CDA0 = 0x8010cda0
                0x000000008010cdd0                D_8010CDD0 = 0x8010cdd0
                0x000000008010ce00                D_8010CE00 = 0x8010ce00
                0x000000008010ce60                D_8010CE60 = 0x8010ce60
                0x000000008010ce90                D_8010CE90 = 0x8010ce90
                0x000000008010cec0                D_8010CEC0 = 0x8010cec0
                0x000000008010d274                D_8010D274 = 0x8010d274
                0x000000008010d2ec                D_8010D2EC = 0x8010d2ec
                0x000000008010d2fc                D_8010D2FC = 0x8010d2fc
                0x000000008010d314                D_8010D314 = 0x8010d314
                0x000000008010d418                D_8010D418 = 0x8010d418
                0x000000008010d6c8                D_8010D6C8 = 0x8010d6c8
                0x000000008010d6d0                D_8010D6D0 = 0x8010d6d0
                0x000000008010d6d8                D_8010D6D8 = 0x8010d6d8
                0x000000008010d6e0                D_8010D6E0 = 0x8010d6e0
                0x000000008010d6e8                D_8010D6E8 = 0x8010d6e8
                0x000000008010da9c                D_8010DA9C = 0x8010da9c
                0x000000008010daa0                D_8010DAA0 = 0x8010daa0
                0x000000008010dadc                D_8010DADC = 0x8010dadc
                0x000000008010db6c                D_8010DB6C = 0x8010db6c
                0x000000008010dbac                D_8010DBAC = 0x8010dbac
                0x000000008010dbcc                D_8010DBCC = 0x8010dbcc
                0x000000008010dc1c                D_8010DC1C = 0x8010dc1c
                0x000000008010dc2c                D_8010DC2C = 0x8010dc2c
                0x000000008010dc3c                D_8010DC3C = 0x8010dc3c
                0x000000008010dc5c                D_8010DC5C = 0x8010dc5c
                0x000000008010dc6c                D_8010DC6C = 0x8010dc6c
                0x000000008010dc7c                D_8010DC7C = 0x8010dc7c
                0x000000008010dc84                D_8010DC84 = 0x8010dc84
                0x000000008010dc88                D_8010DC88 = 0x8010dc88
                0x000000008010dc8c                D_8010DC8C = 0x8010dc8c
                0x000000008010dc90                D_8010DC90 = 0x8010dc90
                0x000000008010dca0                D_8010DCA0 = 0x8010dca0
                0x000000008010dcb0                D_8010DCB0 = 0x8010dcb0
                0x000000008010dcc4                D_8010DCC4 = 0x8010dcc4
                0x000000008010dce0                D_8010DCE0 = 0x8010dce0
                0x000000008010dce4                D_8010DCE4 = 0x8010dce4
                0x000000008010dce8                D_8010DCE8 = 0x8010dce8
                0x000000008010dcec                D_8010DCEC = 0x8010dcec
                0x000000008010dd08                D_8010DD08 = 0x8010dd08
                0x000000008010dd24                D_8010DD24 = 0x8010dd24
                0x000000008010dd38                D_8010DD38 = 0x8010dd38
                0x000000008010dd80                D_8010DD80 = 0x8010dd80
                0x000000008010ddac                D_8010DDAC = 0x8010ddac
                0x000000008010ddbc                D_8010DDBC = 0x8010ddbc
                0x000000008010ddd0                D_8010DDD0 = 0x8010ddd0
                0x000000008010ed60                D_8010ED60 = 0x8010ed60
                0x000000008010eda0                D_8010EDA0 = 0x8010eda0
                0x000000008010eda4                D_8010EDA4 = 0x8010eda4
                0x000000008010eda8                D_8010EDA8 = 0x8010eda8
                0x000000008010edbc                D_8010EDBC = 0x8010edbc
                0x000000008010edd0                D_8010EDD0 = 0x8010edd0
                0x000000008010ede0                D_8010EDE0 = 0x8010ede0
                0x000000008010ee50                D_8010EE50 = 0x8010ee50
                0x000000008010ee54                D_8010EE54 = 0x8010ee54
                0x000000008010ee55                D_8010EE55 = 0x8010ee55
                0x000000008010ee5c                D_8010EE5C = 0x8010ee5c
                0x000000008010eee4                D_8010EEE4 = 0x8010eee4
                0x000000008010eee8                D_8010EEE8 = 0x8010eee8
                0x000000008010eeec                D_8010EEEC = 0x8010eeec
                0x000000008010eef0                D_8010EEF0 = 0x8010eef0
                0x000000008010ef00                D_8010EF00 = 0x8010ef00
                0x000000008010ef10                D_8010EF10 = 0x8010ef10
                0x000000008010ef24                D_8010EF24 = 0x8010ef24
                0x000000008010ef2c                D_8010EF2C = 0x8010ef2c
                0x000000008010ef30                D_8010EF30 = 0x8010ef30
                0x000000008010ef48                D_8010EF48 = 0x8010ef48
                0x000000008010ef50                D_8010EF50 = 0x8010ef50
                0x000000008010ef60                D_8010EF60 = 0x8010ef60
                0x000000008010ef80                D_8010EF80 = 0x8010ef80
                0x000000008010ef90                D_8010EF90 = 0x8010ef90
                0x000000008010efa0                D_8010EFA0 = 0x8010efa0
                0x000000008010efb0                D_8010EFB0 = 0x8010efb0
                0x000000008010efb0                D_8010EFB0 = 0x8010efb0
                0x000000008010efb8                D_8010EFB8 = 0x8010efb8
                0x000000008010efc0                D_8010EFC0 = 0x8010efc0
                0x000000008010efc8                D_8010EFC8 = 0x8010efc8
                0x000000008010efd0                D_8010EFD0 = 0x8010efd0
                0x000000008010efd4                D_8010EFD4 = 0x8010efd4
                0x000000008010efd8                D_8010EFD8 = 0x8010efd8
                0x000000008010efe0                D_8010EFE0 = 0x8010efe0
                0x000000008010effc                D_8010EFFC = 0x8010effc
                0x000000008010f3dc                D_8010F3DC = 0x8010f3dc
                0x000000008010f3e0                D_8010F3E0 = 0x8010f3e0
                0x000000008010f3e4                D_8010F3E4 = 0x8010f3e4
                0x000000008010f3e8                D_8010F3E8 = 0x8010f3e8
                0x000000008010f3f0                D_8010F3F0 = 0x8010f3f0
                0x000000008010f3f4                D_8010F3F4 = 0x8010f3f4
                0x000000008010f400                D_8010F400 = 0x8010f400
                0x000000008010f410                D_8010F410 = 0x8010f410
                0x000000008010f450                D_8010F450 = 0x8010f450
                0x000000008010f460                D_8010F460 = 0x8010f460
                0x000000008010f490                D_8010F490 = 0x8010f490
                0x000000008010f4a0                D_8010F4A0 = 0x8010f4a0
                0x000000008010f4ac                D_8010F4AC = 0x8010f4ac
                0x000000008010f4c0                D_8010F4C0 = 0x8010f4c0
                0x000000008010fcc0                D_8010FCC0 = 0x8010fcc0
                0x000000008010fcd0                D_8010FCD0 = 0x8010fcd0
                0x000000008010fd10                D_8010FD10 = 0x8010fd10
                0x000000008010fd50                D_8010FD50 = 0x8010fd50
                0x000000008010fd54                D_8010FD54 = 0x8010fd54
                0x000000008010fd58                D_8010FD58 = 0x8010fd58
                0x000000008010fd5c                D_8010FD5C = 0x8010fd5c
                0x000000008010fd60                D_8010FD60 = 0x8010fd60
                0x000000008010fd70                D_8010FD70 = 0x8010fd70
                0x0000000080110000                D_80110000 = 0x80110000
                0x0000000080110d70                D_80110D70 = 0x80110d70
                0x0000000080110e70                D_80110E70 = 0x80110e70
                0x0000000080110f60                D_80110F60 = 0x80110f60
                0x00000000801115f0                D_801115F0 = 0x801115f0
                0x0000000080111e88                D_80111E88 = 0x80111e88
                0x0000000080111ea4                D_80111EA4 = 0x80111ea4
                0x00000000801120a4                D_801120A4 = 0x801120a4
                0x00000000801122a4                D_801122A4 = 0x801122a4
                0x00000000801126a4                D_801126A4 = 0x801126a4
                0x00000000801128a4                D_801128A4 = 0x801128a4
                0x00000000801128b4                D_801128B4 = 0x801128b4
                0x00000000801128c4                D_801128C4 = 0x801128c4
                0x00000000801128d4                D_801128D4 = 0x801128d4
                0x00000000801128f4                D_801128F4 = 0x801128f4
                0x0000000080112914                D_80112914 = 0x80112914
                0x0000000080112992                D_80112992 = 0x80112992
                0x0000000080112a18                D_80112A18 = 0x80112a18
                0x0000000080112c14                D_80112C14 = 0x80112c14
                0x0000000080112c18                D_80112C18 = 0x80112c18
                0x0000000080112e14                D_80112E14 = 0x80112e14
                0x0000000080112e18                D_80112E18 = 0x80112e18
                0x0000000080113014                D_80113014 = 0x80113014
                0x00000000801130a0                D_801130A0 = 0x801130a0
                0x00000000801130a4                D_801130A4 = 0x801130a4
                0x00000000801130c4                D_801130C4 = 0x801130c4
                0x00000000801130c8                D_801130C8 = 0x801130c8
                0x00000000801130cc                D_801130CC = 0x801130cc
                0x00000000801130d0                D_801130D0 = 0x801130d0
                0x00000000801130e0                D_801130E0 = 0x801130e0
                0x00000000801130e4                D_801130E4 = 0x801130e4
                0x00000000801130e8                D_801130E8 = 0x801130e8
                0x00000000801130ec                D_801130EC = 0x801130ec
                0x00000000801130f0                D_801130F0 = 0x801130f0
                0x0000000080113100                D_80113100 = 0x80113100
                0x0000000080113108                D_80113108 = 0x80113108
                0x000000008011310c                D_8011310C = 0x8011310c
                0x0000000080113110                D_80113110 = 0x80113110
                0x0000000080113120                D_80113120 = 0x80113120
                0x0000000080113124                D_80113124 = 0x80113124
                0x0000000080113138                D_80113138 = 0x80113138
                0x00000000801131a8                D_801131A8 = 0x801131a8
                0x0000000080113210                D_80113210 = 0x80113210
                0x0000000080113298                D_80113298 = 0x80113298
                0x000000008011329c                D_8011329C = 0x8011329c
                0x00000000801132a0                D_801132A0 = 0x801132a0
                0x0000000080113310                D_80113310 = 0x80113310
                0x0000000080113320                D_80113320 = 0x80113320
                0x0000000080113330                D_80113330 = 0x80113330
                0x0000000080113344                D_80113344 = 0x80113344
                0x0000000080113358                D_80113358 = 0x80113358
                0x0000000080113364                D_80113364 = 0x80113364
                0x0000000080113370                D_80113370 = 0x80113370
                0x0000000080113380                D_80113380 = 0x80113380
                0x00000000801137ae                D_801137AE = 0x801137ae
                0x00000000801137de                D_801137DE = 0x801137de
                0x000000008011380e                D_8011380E = 0x8011380e
                0x0000000080113840                D_80113840 = 0x80113840
                0x0000000080113844                D_80113844 = 0x80113844
                0x0000000080113848                D_80113848 = 0x80113848
                0x000000008011384c                D_8011384C = 0x8011384c
                0x0000000080113854                D_80113854 = 0x80113854
                0x0000000080113858                D_80113858 = 0x80113858
                0x000000008011385c                D_8011385C = 0x8011385c
                0x0000000080113860                D_80113860 = 0x80113860
                0x0000000080113864                D_80113864 = 0x80113864
                0x0000000080113868                D_80113868 = 0x80113868
                0x000000008011386c                D_8011386C = 0x8011386c
                0x0000000080113870                D_80113870 = 0x80113870
                0x0000000080113894                D_80113894 = 0x80113894
                0x0000000080113898                D_80113898 = 0x80113898
                0x000000008011389c                D_8011389C = 0x8011389c
                0x00000000801138a0                D_801138A0 = 0x801138a0
                0x00000000801138a4                D_801138A4 = 0x801138a4
                0x00000000801138a8                D_801138A8 = 0x801138a8
                0x00000000801138ac                D_801138AC = 0x801138ac
                0x00000000801138b0                D_801138B0 = 0x801138b0
                0x00000000801138b4                D_801138B4 = 0x801138b4
                0x00000000801138b8                D_801138B8 = 0x801138b8
                0x00000000801138bc                D_801138BC = 0x801138bc
                0x00000000801138c0                D_801138C0 = 0x801138c0
                0x00000000801138c8                D_801138C8 = 0x801138c8
                0x00000000801138cc                D_801138CC = 0x801138cc
                0x00000000801138d0                D_801138D0 = 0x801138d0
                0x00000000801138d4                D_801138D4 = 0x801138d4
                0x00000000801138d8                D_801138D8 = 0x801138d8
                0x00000000801138dc                D_801138DC = 0x801138dc
                0x00000000801138e0                D_801138E0 = 0x801138e0
                0x00000000801138e4                D_801138E4 = 0x801138e4
                0x00000000801138e8                D_801138E8 = 0x801138e8
                0x00000000801138ec                D_801138EC = 0x801138ec
                0x00000000801138f0                D_801138F0 = 0x801138f0
                0x00000000801138f4                D_801138F4 = 0x801138f4
                0x00000000801138f8                D_801138F8 = 0x801138f8
                0x00000000801138fc                D_801138FC = 0x801138fc
                0x0000000080113900                D_80113900 = 0x80113900
                0x0000000080113904                D_80113904 = 0x80113904
                0x0000000080113908                D_80113908 = 0x80113908
                0x0000000080113910                D_80113910 = 0x80113910
                0x0000000080113914                D_80113914 = 0x80113914
                0x0000000080113918                D_80113918 = 0x80113918
                0x000000008011391c                D_8011391C = 0x8011391c
                0x0000000080113928                D_80113928 = 0x80113928
                0x000000008011392c                D_8011392C = 0x8011392c
                0x0000000080113930                D_80113930 = 0x80113930
                0x0000000080113934                D_80113934 = 0x80113934
                0x0000000080113938                D_80113938 = 0x80113938
                0x000000008011393c                D_8011393C = 0x8011393c
                0x0000000080113940                D_80113940 = 0x80113940
                0x0000000080113944                D_80113944 = 0x80113944
                0x0000000080113948                D_80113948 = 0x80113948
                0x000000008011394c                D_8011394C = 0x8011394c
                0x0000000080113950                D_80113950 = 0x80113950
                0x0000000080113954                D_80113954 = 0x80113954
                0x0000000080113958                D_80113958 = 0x80113958
                0x000000008011395c                D_8011395C = 0x8011395c
                0x0000000080113964                D_80113964 = 0x80113964
                0x0000000080113a64                D_80113A64 = 0x80113a64
                0x0000000080113afc                D_80113AFC = 0x80113afc
                0x0000000080113b14                D_80113B14 = 0x80113b14
                0x0000000080113b2c                D_80113B2C = 0x80113b2c
                0x0000000080113b84                D_80113B84 = 0x80113b84
                0x0000000080113c04                D_80113C04 = 0x80113c04
                0x0000000080113c34                D_80113C34 = 0x80113c34
                0x0000000080113cf4                D_80113CF4 = 0x80113cf4
                0x0000000080113d3c                D_80113D3C = 0x80113d3c
                0x0000000080113d44                D_80113D44 = 0x80113d44
                0x0000000080113d4c                D_80113D4C = 0x80113d4c
                0x0000000080113db4                D_80113DB4 = 0x80113db4
                0x0000000080113e04                D_80113E04 = 0x80113e04
                0x0000000080114124                D_80114124 = 0x80114124
                0x000000008011412c                D_8011412C = 0x8011412c
                0x00000000801142bc                D_801142BC = 0x801142bc
                0x00000000801142c4                D_801142C4 = 0x801142c4
                0x0000000080114324                D_80114324 = 0x80114324
                0x000000008011437c                D_8011437C = 0x8011437c
                0x0000000080114380                D_80114380 = 0x80114380
                0x0000000080114390                D_80114390 = 0x80114390
                0x0000000080114394                D_80114394 = 0x80114394
                0x0000000080114398                D_80114398 = 0x80114398
                0x00000000801143a0                D_801143A0 = 0x801143a0
                0x00000000801143a4                D_801143A4 = 0x801143a4
                0x00000000801143a8                D_801143A8 = 0x801143a8
                0x00000000801143b0                D_801143B0 = 0x801143b0
                0x00000000801143b4                D_801143B4 = 0x801143b4
                0x00000000801143bc                D_801143BC = 0x801143bc
                0x00000000801143c0                D_801143C0 = 0x801143c0
                0x00000000801143e8                D_801143E8 = 0x801143e8
                0x0000000080114420                D_80114420 = 0x80114420
                0x0000000080114700                D_80114700 = 0x80114700
                0x0000000080115020                D_80115020 = 0x80115020
                0x0000000080115090                D_80115090 = 0x80115090
                0x0000000080115d80                D_80115D80 = 0x80115d80
                0x00000000801160c0                D_801160C0 = 0x801160c0
                0x00000000801160ce                D_801160CE = 0x801160ce
                0x0000000080116110                D_80116110 = 0x80116110
                0x0000000080116114                D_80116114 = 0x80116114
                0x0000000080116118                D_80116118 = 0x80116118
                0x000000008011611c                D_8011611C = 0x8011611c
                0x0000000080116120                D_80116120 = 0x80116120
                0x0000000080116124                D_80116124 = 0x80116124
                0x0000000080116128                D_80116128 = 0x80116128
                0x000000008011612c                D_8011612C = 0x8011612c
                0x0000000080116130                D_80116130 = 0x80116130
                0x0000000080116134                D_80116134 = 0x80116134
                0x0000000080116138                D_80116138 = 0x80116138
                0x000000008011613c                D_8011613C = 0x8011613c
                0x0000000080116140                D_80116140 = 0x80116140
                0x0000000080116144                D_80116144 = 0x80116144
                0x0000000080116148                D_80116148 = 0x80116148
                0x000000008011614c                D_8011614C = 0x8011614c
                0x0000000080116150                D_80116150 = 0x80116150
                0x0000000080116154                D_80116154 = 0x80116154
                0x0000000080119a42                D_80119A42 = 0x80119a42
                0x000000008011b830                D_8011B830 = 0x8011b830
                0x000000008011b83c                D_8011B83C = 0x8011b83c
                0x000000008011b850                D_8011B850 = 0x8011b850
                0x000000008011b890                D_8011B890 = 0x8011b890
                0x000000008011b8a0                D_8011B8A0 = 0x8011b8a0
                0x000000008011b8b0                D_8011B8B0 = 0x8011b8b0
                0x000000008011b8b4                D_8011B8B4 = 0x8011b8b4
                0x000000008011b8b8                D_8011B8B8 = 0x8011b8b8
                0x000000008011b8bc                D_8011B8BC = 0x8011b8bc
                0x000000008011b8c0                D_8011B8C0 = 0x8011b8c0
                0x0000000080123cd0                D_80123CD0 = 0x80123cd0
                0x0000000080123cd8                D_80123CD8 = 0x80123cd8
                0x0000000080123ce0                D_80123CE0 = 0x80123ce0
                0x0000000080123ce1                D_80123CE1 = 0x80123ce1
                0x0000000080123ce4                D_80123CE4 = 0x80123ce4
                0x0000000080123cec                D_80123CEC = 0x80123cec
                0x0000000080123ced                D_80123CED = 0x80123ced
                0x0000000080123cf8                D_80123CF8 = 0x80123cf8
                0x0000000080123cfc                D_80123CFC = 0x80123cfc
                0x0000000080123d00                D_80123D00 = 0x80123d00
                0x0000000080123d08                D_80123D08 = 0x80123d08
                0x0000000080123e04                D_80123E04 = 0x80123e04
                0x0000000080123e0c                D_80123E0C = 0x80123e0c
                0x0000000080123e0d                D_80123E0D = 0x80123e0d
                0x0000000080123e10                D_80123E10 = 0x80123e10
                0x0000000080123f00                D_80123F00 = 0x80123f00
                0x0000000080123f04                D_80123F04 = 0x80123f04
                0x0000000080123f08                D_80123F08 = 0x80123f08
                0x0000000080123f0c                D_80123F0C = 0x80123f0c
                0x0000000080123f49                D_80123F49 = 0x80123f49
                0x0000000080123f4a                D_80123F4A = 0x80123f4a
                0x0000000080123f4c                D_80123F4C = 0x80123f4c
                0x0000000080123f58                D_80123F58 = 0x80123f58
                0x0000000080123f5a                D_80123F5A = 0x80123f5a
                0x0000000080123f5c                D_80123F5C = 0x80123f5c
                0x0000000080123f64                D_80123F64 = 0x80123f64
                0x0000000080123f68                D_80123F68 = 0x80123f68
                0x0000000080123f6c                D_80123F6C = 0x80123f6c
                0x0000000080123f70                D_80123F70 = 0x80123f70
                0x0000000080123f80                D_80123F80 = 0x80123f80
                0x0000000080123fa0                D_80123FA0 = 0x80123fa0
                0x0000000080123fc0                D_80123FC0 = 0x80123fc0
                0x0000000080123fcc                D_80123FCC = 0x80123fcc
                0x0000000080123fd8                D_80123FD8 = 0x80123fd8
                0x0000000080124000                D_80124000 = 0x80124000
                0x0000000080124014                D_80124014 = 0x80124014
                0x000000008012405c                D_8012405C = 0x8012405c
                0x0000000080124070                D_80124070 = 0x80124070
                0x0000000080124072                D_80124072 = 0x80124072
                0x00000000801240b6                D_801240B6 = 0x801240b6
                0x0000000080124150                D_80124150 = 0x80124150
                0x0000000080124160                D_80124160 = 0x80124160
                0x0000000080124170                D_80124170 = 0x80124170
                0x0000000080124278                D_80124278 = 0x80124278
                0x0000000080124380                D_80124380 = 0x80124380
                0x0000000080124580                D_80124580 = 0x80124580
                0x0000000080124780                D_80124780 = 0x80124780
                0x00000000801250e0                D_801250E0 = 0x801250e0
                0x00000000801250e4                D_801250E4 = 0x801250e4
                0x0000000080126ae4                D_80126AE4 = 0x80126ae4
                0x0000000080126ae8                D_80126AE8 = 0x80126ae8
                0x0000000080126cf8                D_80126CF8 = 0x80126cf8
                0x0000000080126d04                D_80126D04 = 0x80126d04
                0x0000000080126d0c                D_80126D0C = 0x80126d0c
                0x0000000080126d14                D_80126D14 = 0x80126d14
                0x0000000080126d20                D_80126D20 = 0x80126d20
                0x0000000080126d2c                D_80126D2C = 0x80126d2c
                0x0000000080126d3c                D_80126D3C = 0x80126d3c
                0x0000000080126d5c                D_80126D5C = 0x80126d5c
                0x0000000080126d60                D_80126D60 = 0x80126d60
                0x0000000080126e60                D_80126E60 = 0x80126e60
                0x0000000080126e70                D_80126E70 = 0x80126e70
                0x0000000080126e74                D_80126E74 = 0x80126e74
                0x0000000080126e9c                D_80126E9C = 0x80126e9c
                0x0000000080126ea0                D_80126EA0 = 0x80126ea0
                0x0000000080126eaa                D_80126EAA = 0x80126eaa
                0x0000000080126eb4                D_80126EB4 = 0x80126eb4
                0x0000000080126eb8                D_80126EB8 = 0x80126eb8
                0x0000000080126eb9                D_80126EB9 = 0x80126eb9
                0x0000000080126ec0                D_80126EC0 = 0x80126ec0
                0x0000000080126f00                D_80126F00 = 0x80126f00
                0x000000008012711c                D_8012711C = 0x8012711c
                0x00000000801279ac                D_801279AC = 0x801279ac
                0x0000000080129e00                D_80129E00 = 0x80129e00
                0x0000000080129e06                D_80129E06 = 0x80129e06
                0x0000000080129e08                D_80129E08 = 0x80129e08
                0x0000000080129e0a                D_80129E0A = 0x80129e0a
                0x000000008012a428                D_8012A428 = 0x8012a428
                0x000000008012a444                D_8012A444 = 0x8012a444
                0x000000008012a44a                D_8012A44A = 0x8012a44a
                0x000000008012a8a0                D_8012A8A0 = 0x8012a8a0
                0x000000008012af08                D_8012AF08 = 0x8012af08
                0x000000008012af20                D_8012AF20 = 0x8012af20
                0x000000008012af68                D_8012AF68 = 0x8012af68
                0x000000008012d148                D_8012D148 = 0x8012d148
                0x000000008012d948                D_8012D948 = 0x8012d948
                0x000000008012db48                D_8012DB48 = 0x8012db48
                0x000000008012dc28                D_8012DC28 = 0x8012dc28
                0x000000008012e956                D_8012E956 = 0x8012e956
                0x000000008012e958                D_8012E958 = 0x8012e958
                0x000000008012e976                D_8012E976 = 0x8012e976
                0x000000008012e978                D_8012E978 = 0x8012e978
                0x000000008012eea0                D_8012EEA0 = 0x8012eea0
                0x0000000080130d48                D_80130D48 = 0x80130d48
                0x0000000080130db8                D_80130DB8 = 0x80130db8
                0x0000000080130dc3                D_80130DC3 = 0x80130dc3
                0x00000000801312a4                D_801312A4 = 0x801312a4
                0x00000000801312e0                D_801312E0 = 0x801312e0
                0x0000000080131548                D_80131548 = 0x80131548
                0x0000000080132780                D_80132780 = 0x80132780
                0x0000000080134148                D_80134148 = 0x80134148
                0x0000000080135b10                D_80135B10 = 0x80135b10
                0x0000000080135b1c                D_80135B1C = 0x80135b1c
                0x0000000080135b20                D_80135B20 = 0x80135b20
                0x0000000080135b22                D_80135B22 = 0x80135b22
                0x0000000080135bc2                D_80135BC2 = 0x80135bc2
                0x0000000080135bc4                D_80135BC4 = 0x80135bc4
                0x0000000080135bc6                D_80135BC6 = 0x80135bc6
                0x0000000080135bc8                D_80135BC8 = 0x80135bc8
                0x0000000080135c00                D_80135C00 = 0x80135c00
                0x0000000080135c02                D_80135C02 = 0x80135c02
                0x0000000080135c08                D_80135C08 = 0x80135c08
                0x0000000080135c09                D_80135C09 = 0x80135c09
                0x0000000080135c10                D_80135C10 = 0x80135c10
                0x0000000080135c12                D_80135C12 = 0x80135c12
                0x0000000080135c14                D_80135C14 = 0x80135c14
                0x0000000080135c18                D_80135C18 = 0x80135c18
                0x0000000080135c1c                D_80135C1C = 0x80135c1c
                0x0000000080135c1d                D_80135C1D = 0x80135c1d
                0x0000000080135c20                D_80135C20 = 0x80135c20
                0x0000000080135c28                D_80135C28 = 0x80135c28
                0x0000000080135c2c                D_80135C2C = 0x80135c2c
                0x0000000080135c2e                D_80135C2E = 0x80135c2e
                0x0000000080135c3a                D_80135C3A = 0x80135c3a
                0x0000000080135c3c                D_80135C3C = 0x80135c3c
                0x0000000080135c3d                D_80135C3D = 0x80135c3d
                0x0000000080135c3e                D_80135C3E = 0x80135c3e
                0x0000000080135c40                D_80135C40 = 0x80135c40
                0x0000000080135c44                D_80135C44 = 0x80135c44
                0x0000000080135c4c                D_80135C4C = 0x80135c4c
                0x0000000080135c50                D_80135C50 = 0x80135c50
                0x0000000080135c58                D_80135C58 = 0x80135c58
                0x0000000080135c60                D_80135C60 = 0x80135c60
                0x0000000080135c62                D_80135C62 = 0x80135c62
                0x0000000080135c8c                D_80135C8C = 0x80135c8c
                0x0000000080135cdc                D_80135CDC = 0x80135cdc
                0x0000000080135ce0                D_80135CE0 = 0x80135ce0
                0x0000000080135ce1                D_80135CE1 = 0x80135ce1
                0x0000000080135ce2                D_80135CE2 = 0x80135ce2
                0x0000000080135ce3                D_80135CE3 = 0x80135ce3
                0x0000000080135ce4                D_80135CE4 = 0x80135ce4
                0x0000000080135cec                D_80135CEC = 0x80135cec
                0x0000000080135cf0                D_80135CF0 = 0x80135cf0
                0x0000000080135cf4                D_80135CF4 = 0x80135cf4
                0x0000000080135cf8                D_80135CF8 = 0x80135cf8
                0x0000000080135cf9                D_80135CF9 = 0x80135cf9
                0x0000000080135d00                D_80135D00 = 0x80135d00
                0x0000000080135dec                D_80135DEC = 0x80135dec
                0x0000000080135df8                D_80135DF8 = 0x80135df8
                0x0000000080135dfa                D_80135DFA = 0x80135dfa
                0x0000000080135dfc                D_80135DFC = 0x80135dfc
                0x0000000080135e04                D_80135E04 = 0x80135e04
                0x0000000080135e08                D_80135E08 = 0x80135e08
                0x0000000080135e0c                D_80135E0C = 0x80135e0c
                0x0000000080136140                D_80136140 = 0x80136140
                0x00000000801361e4                D_801361E4 = 0x801361e4
                0x000000008013620c                D_8013620C = 0x8013620c
                0x0000000080136288                D_80136288 = 0x80136288
                0x000000008013628a                D_8013628A = 0x8013628a
                0x000000008013628c                D_8013628C = 0x8013628c
                0x0000000080136294                D_80136294 = 0x80136294
                0x0000000080136296                D_80136296 = 0x80136296
                0x000000008013629a                D_8013629A = 0x8013629a
                0x00000000801362bc                D_801362BC = 0x801362bc
                0x00000000801362c8                D_801362C8 = 0x801362c8
                0x00000000801362cc                D_801362CC = 0x801362cc
                0x00000000801362d1                D_801362D1 = 0x801362d1
                0x00000000801362d4                D_801362D4 = 0x801362d4
                0x00000000801362d6                D_801362D6 = 0x801362d6
                0x00000000801362d7                D_801362D7 = 0x801362d7
                0x00000000801362d8                D_801362D8 = 0x801362d8
                0x00000000801362d9                D_801362D9 = 0x801362d9
                0x00000000801362dc                D_801362DC = 0x801362dc
                0x000000008013669c                D_8013669C = 0x8013669c
                0x00000000801366a4                D_801366A4 = 0x801366a4
                0x00000000801366dc                D_801366DC = 0x801366dc
                0x00000000801366e0                D_801366E0 = 0x801366e0
                0x000000008013670c                D_8013670C = 0x8013670c
                0x000000008013673c                D_8013673C = 0x8013673c
                0x000000008013673f                D_8013673F = 0x8013673f
                0x0000000080136741                D_80136741 = 0x80136741
                0x0000000080136742                D_80136742 = 0x80136742
                0x0000000080136744                D_80136744 = 0x80136744
                0x0000000080136747                D_80136747 = 0x80136747
                0x0000000080136749                D_80136749 = 0x80136749
                0x000000008013674a                D_8013674A = 0x8013674a
                0x000000008013674c                D_8013674C = 0x8013674c
                0x0000000080136751                D_80136751 = 0x80136751
                0x0000000080136ea0                D_80136EA0 = 0x80136ea0
                0x0000000080136ea1                D_80136EA1 = 0x80136ea1
                0x0000000080136ea2                D_80136EA2 = 0x80136ea2
                0x0000000080136ea3                D_80136EA3 = 0x80136ea3
                0x0000000080136ea4                D_80136EA4 = 0x80136ea4
                0x0000000080136eac                D_80136EAC = 0x80136eac
                0x0000000080136ecc                D_80136ECC = 0x80136ecc
                0x0000000080136eec                D_80136EEC = 0x80136eec
                0x0000000080136f2c                D_80136F2C = 0x80136f2c
                0x0000000080136f34                D_80136F34 = 0x80136f34
                0x0000000080136f38                D_80136F38 = 0x80136f38
                0x0000000080136f3c                D_80136F3C = 0x80136f3c
                0x0000000080136fac                D_80136FAC = 0x80136fac
                0x0000000080136fb0                D_80136FB0 = 0x80136fb0
                0x0000000080136fb8                D_80136FB8 = 0x80136fb8
                0x0000000080136fbc                D_80136FBC = 0x80136fbc
                0x0000000080136fbd                D_80136FBD = 0x80136fbd
                0x0000000080136fbe                D_80136FBE = 0x80136fbe
                0x0000000080136fbf                D_80136FBF = 0x80136fbf
                0x0000000080136fc0                D_80136FC0 = 0x80136fc0
                0x0000000080136fc1                D_80136FC1 = 0x80136fc1
                0x0000000080136fc2                D_80136FC2 = 0x80136fc2
                0x0000000080136fcb                D_80136FCB = 0x80136fcb
                0x0000000080136fcc                D_80136FCC = 0x80136fcc
                0x0000000080136fd8                D_80136FD8 = 0x80136fd8
                0x0000000080136fdc                D_80136FDC = 0x80136fdc
                0x0000000080136fe0                D_80136FE0 = 0x80136fe0
                0x0000000080136fe1                D_80136FE1 = 0x80136fe1
                0x0000000080136fe8                D_80136FE8 = 0x80136fe8
                0x0000000080136fe9                D_80136FE9 = 0x80136fe9
                0x0000000080136fea                D_80136FEA = 0x80136fea
                0x0000000080136feb                D_80136FEB = 0x80136feb
                0x0000000080136fee                D_80136FEE = 0x80136fee
                0x0000000080136ff5                D_80136FF5 = 0x80136ff5
                0x0000000080136ff8                D_80136FF8 = 0x80136ff8
                0x0000000080137000                D_80137000 = 0x80137000
                0x000000008013702f                D_8013702F = 0x8013702f
                0x0000000080137030                D_80137030 = 0x80137030
                0x0000000080137032                D_80137032 = 0x80137032
                0x0000000080137034                D_80137034 = 0x80137034
                0x0000000080137348                D_80137348 = 0x80137348
                0x000000008013734a                D_8013734A = 0x8013734a
                0x000000008013734e                D_8013734E = 0x8013734e
                0x000000008013734f                D_8013734F = 0x8013734f
                0x000000008013740c                D_8013740C = 0x8013740c
                0x0000000080137410                D_80137410 = 0x80137410
                0x0000000080137424                D_80137424 = 0x80137424
                0x0000000080137438                D_80137438 = 0x80137438
                0x0000000080137440                D_80137440 = 0x80137440
                0x0000000080137444                D_80137444 = 0x80137444
                0x000000008013744c                D_8013744C = 0x8013744c
                0x0000000080137454                D_80137454 = 0x80137454
                0x0000000080137534                D_80137534 = 0x80137534
                0x00000000801375b0                D_801375B0 = 0x801375b0
                0x00000000801375b4                D_801375B4 = 0x801375b4
                0x00000000801375b9                D_801375B9 = 0x801375b9
                0x00000000801375bc                D_801375BC = 0x801375bc
                0x00000000801375ec                D_801375EC = 0x801375ec
                0x00000000801375f4                D_801375F4 = 0x801375f4
                0x00000000801375fc                D_801375FC = 0x801375fc
                0x0000000080137610                D_80137610 = 0x80137610
                0x0000000080137620                D_80137620 = 0x80137620
                0x000000008013762c                D_8013762C = 0x8013762c
                0x0000000080137634                D_80137634 = 0x80137634
                0x0000000080137640                D_80137640 = 0x80137640
                0x0000000080137648                D_80137648 = 0x80137648
                0x000000008013764a                D_8013764A = 0x8013764a
                0x000000008013764c                D_8013764C = 0x8013764c
                0x0000000080137654                D_80137654 = 0x80137654
                0x0000000080137655                D_80137655 = 0x80137655
                0x0000000080137656                D_80137656 = 0x80137656
                0x0000000080137658                D_80137658 = 0x80137658
                0x000000008013767d                D_8013767D = 0x8013767d
                0x000000008013767e                D_8013767E = 0x8013767e
                0x0000000080137680                D_80137680 = 0x80137680
                0x0000000080137681                D_80137681 = 0x80137681
                0x0000000080137684                D_80137684 = 0x80137684
                0x0000000080137688                D_80137688 = 0x80137688
                0x000000008013768a                D_8013768A = 0x8013768a